{boo(0), boo(1), boo(2), boo(3), boo(4), boo(5), boo(6), boo(7), boo(8), boo(9), boo(10)}
