{n(bar), e(bar), b(foo), guard(bar), guard(foo), a(foo)}
{m(bar), e(bar), b(foo), guard(bar), guard(foo), a(foo)}
