{bee("b"),aaa("a"),res("ab"),blah("ab"), setc(w), setc(v), setc(u), seta(w), seta(v), seta(u)}
