1 grep -q "asp evaluation heuristic did not use component .* which is not allowed"
