1 grep -q "asp evaluation heuristic uses component .* exclusively in more than one unit, which is not allowed"
