{complete("testa: a b c"),complete("testb: d e f")}
