{p(c1),s(c1),s(c2),s(c3),s(c4),r(c1),r(c2),r(c3),r(c4)}
{q(c1),s(c1),s(c2),s(c3),s(c4),r(c1),r(c2),r(c3),r(c4)}
