{intermediate(bx), intermediate(ax), output(axy), output(bxy)}
