{p(f(a)),limit(f(a)),limit(f(aa)),p(f(aa)),p(f(aaa))}
