{setb(u),setb(w),dom(u),dom(v),dom(w),setb(u),setb(w),setc(v)}
