{s("helloworld"),s("elloworld"),s("lloworld"),s("loworld"),s("oworld"),s("world"),s("orld"),s("rld"),s("ld"),s("d"),s("")}
