{dom(1),dom(2),g(a),g(b),g(c),g(d),g(e),g(f),g(g),g(h),yes(a),yes(b),yes(c),yes(d),yes(e),yes(f),yes(g),yes(h)}
{dom(1),dom(2),g(a),g(b),g(c),g(d),g(e),g(f),g(g),g(h),yes(a),yes(b),yes(c),yes(d),yes(e),yes(f),yes(g),no(h)}
{dom(1),dom(2),g(a),g(b),g(c),g(d),g(e),g(f),g(g),g(h),yes(a),yes(b),yes(c),yes(d),yes(e),yes(f),no(g),yes(h)}
{dom(1),dom(2),g(a),g(b),g(c),g(d),g(e),g(f),g(g),g(h),yes(a),yes(b),yes(c),yes(d),yes(e),yes(f),no(g),no(h)}
{dom(1),dom(2),g(a),g(b),g(c),g(d),g(e),g(f),g(g),g(h),yes(a),yes(b),yes(c),yes(d),yes(e),no(f),yes(g),yes(h)}
{dom(1),dom(2),g(a),g(b),g(c),g(d),g(e),g(f),g(g),g(h),yes(a),yes(b),yes(c),yes(d),yes(e),no(f),yes(g),no(h)}
{dom(1),dom(2),g(a),g(b),g(c),g(d),g(e),g(f),g(g),g(h),yes(a),yes(b),yes(c),yes(d),yes(e),no(f),no(g),yes(h)}
{dom(1),dom(2),g(a),g(b),g(c),g(d),g(e),g(f),g(g),g(h),yes(a),yes(b),yes(c),yes(d),yes(e),no(f),no(g),no(h)}
{dom(1),dom(2),g(a),g(b),g(c),g(d),g(e),g(f),g(g),g(h),yes(a),yes(b),yes(c),yes(d),no(e),yes(f),yes(g),yes(h)}
{dom(1),dom(2),g(a),g(b),g(c),g(d),g(e),g(f),g(g),g(h),yes(a),yes(b),yes(c),yes(d),no(e),yes(f),yes(g),no(h)}
{dom(1),dom(2),g(a),g(b),g(c),g(d),g(e),g(f),g(g),g(h),yes(a),yes(b),yes(c),yes(d),no(e),yes(f),no(g),yes(h)}
{dom(1),dom(2),g(a),g(b),g(c),g(d),g(e),g(f),g(g),g(h),yes(a),yes(b),yes(c),yes(d),no(e),yes(f),no(g),no(h)}
{dom(1),dom(2),g(a),g(b),g(c),g(d),g(e),g(f),g(g),g(h),yes(a),yes(b),yes(c),yes(d),no(e),no(f),yes(g),yes(h)}
{dom(1),dom(2),g(a),g(b),g(c),g(d),g(e),g(f),g(g),g(h),yes(a),yes(b),yes(c),yes(d),no(e),no(f),yes(g),no(h)}
{dom(1),dom(2),g(a),g(b),g(c),g(d),g(e),g(f),g(g),g(h),yes(a),yes(b),yes(c),yes(d),no(e),no(f),no(g),yes(h)}
{dom(1),dom(2),g(a),g(b),g(c),g(d),g(e),g(f),g(g),g(h),yes(a),yes(b),yes(c),yes(d),no(e),no(f),no(g),no(h)}
{dom(1),dom(2),g(a),g(b),g(c),g(d),g(e),g(f),g(g),g(h),yes(a),yes(b),yes(c),no(d),yes(e),yes(f),yes(g),yes(h)}
{dom(1),dom(2),g(a),g(b),g(c),g(d),g(e),g(f),g(g),g(h),yes(a),yes(b),yes(c),no(d),yes(e),yes(f),yes(g),no(h)}
{dom(1),dom(2),g(a),g(b),g(c),g(d),g(e),g(f),g(g),g(h),yes(a),yes(b),yes(c),no(d),yes(e),yes(f),no(g),yes(h)}
{dom(1),dom(2),g(a),g(b),g(c),g(d),g(e),g(f),g(g),g(h),yes(a),yes(b),yes(c),no(d),yes(e),yes(f),no(g),no(h)}
{dom(1),dom(2),g(a),g(b),g(c),g(d),g(e),g(f),g(g),g(h),yes(a),yes(b),yes(c),no(d),yes(e),no(f),yes(g),yes(h)}
{dom(1),dom(2),g(a),g(b),g(c),g(d),g(e),g(f),g(g),g(h),yes(a),yes(b),yes(c),no(d),yes(e),no(f),yes(g),no(h)}
{dom(1),dom(2),g(a),g(b),g(c),g(d),g(e),g(f),g(g),g(h),yes(a),yes(b),yes(c),no(d),yes(e),no(f),no(g),yes(h)}
{dom(1),dom(2),g(a),g(b),g(c),g(d),g(e),g(f),g(g),g(h),yes(a),yes(b),yes(c),no(d),yes(e),no(f),no(g),no(h)}
{dom(1),dom(2),g(a),g(b),g(c),g(d),g(e),g(f),g(g),g(h),yes(a),yes(b),yes(c),no(d),no(e),yes(f),yes(g),yes(h)}
{dom(1),dom(2),g(a),g(b),g(c),g(d),g(e),g(f),g(g),g(h),yes(a),yes(b),yes(c),no(d),no(e),yes(f),yes(g),no(h)}
{dom(1),dom(2),g(a),g(b),g(c),g(d),g(e),g(f),g(g),g(h),yes(a),yes(b),yes(c),no(d),no(e),yes(f),no(g),yes(h)}
{dom(1),dom(2),g(a),g(b),g(c),g(d),g(e),g(f),g(g),g(h),yes(a),yes(b),yes(c),no(d),no(e),yes(f),no(g),no(h)}
{dom(1),dom(2),g(a),g(b),g(c),g(d),g(e),g(f),g(g),g(h),yes(a),yes(b),yes(c),no(d),no(e),no(f),yes(g),yes(h)}
{dom(1),dom(2),g(a),g(b),g(c),g(d),g(e),g(f),g(g),g(h),yes(a),yes(b),yes(c),no(d),no(e),no(f),yes(g),no(h)}
{dom(1),dom(2),g(a),g(b),g(c),g(d),g(e),g(f),g(g),g(h),yes(a),yes(b),yes(c),no(d),no(e),no(f),no(g),yes(h)}
{dom(1),dom(2),g(a),g(b),g(c),g(d),g(e),g(f),g(g),g(h),yes(a),yes(b),yes(c),no(d),no(e),no(f),no(g),no(h)}
{dom(1),dom(2),g(a),g(b),g(c),g(d),g(e),g(f),g(g),g(h),yes(a),yes(b),no(c),yes(d),yes(e),yes(f),yes(g),yes(h)}
{dom(1),dom(2),g(a),g(b),g(c),g(d),g(e),g(f),g(g),g(h),yes(a),yes(b),no(c),yes(d),yes(e),yes(f),yes(g),no(h)}
{dom(1),dom(2),g(a),g(b),g(c),g(d),g(e),g(f),g(g),g(h),yes(a),yes(b),no(c),yes(d),yes(e),yes(f),no(g),yes(h)}
{dom(1),dom(2),g(a),g(b),g(c),g(d),g(e),g(f),g(g),g(h),yes(a),yes(b),no(c),yes(d),yes(e),yes(f),no(g),no(h)}
{dom(1),dom(2),g(a),g(b),g(c),g(d),g(e),g(f),g(g),g(h),yes(a),yes(b),no(c),yes(d),yes(e),no(f),yes(g),yes(h)}
{dom(1),dom(2),g(a),g(b),g(c),g(d),g(e),g(f),g(g),g(h),yes(a),yes(b),no(c),yes(d),yes(e),no(f),yes(g),no(h)}
{dom(1),dom(2),g(a),g(b),g(c),g(d),g(e),g(f),g(g),g(h),yes(a),yes(b),no(c),yes(d),yes(e),no(f),no(g),yes(h)}
{dom(1),dom(2),g(a),g(b),g(c),g(d),g(e),g(f),g(g),g(h),yes(a),yes(b),no(c),yes(d),yes(e),no(f),no(g),no(h)}
{dom(1),dom(2),g(a),g(b),g(c),g(d),g(e),g(f),g(g),g(h),yes(a),yes(b),no(c),yes(d),no(e),yes(f),yes(g),yes(h)}
{dom(1),dom(2),g(a),g(b),g(c),g(d),g(e),g(f),g(g),g(h),yes(a),yes(b),no(c),yes(d),no(e),yes(f),yes(g),no(h)}
{dom(1),dom(2),g(a),g(b),g(c),g(d),g(e),g(f),g(g),g(h),yes(a),yes(b),no(c),yes(d),no(e),yes(f),no(g),yes(h)}
{dom(1),dom(2),g(a),g(b),g(c),g(d),g(e),g(f),g(g),g(h),yes(a),yes(b),no(c),yes(d),no(e),yes(f),no(g),no(h)}
{dom(1),dom(2),g(a),g(b),g(c),g(d),g(e),g(f),g(g),g(h),yes(a),yes(b),no(c),yes(d),no(e),no(f),yes(g),yes(h)}
{dom(1),dom(2),g(a),g(b),g(c),g(d),g(e),g(f),g(g),g(h),yes(a),yes(b),no(c),yes(d),no(e),no(f),yes(g),no(h)}
{dom(1),dom(2),g(a),g(b),g(c),g(d),g(e),g(f),g(g),g(h),yes(a),yes(b),no(c),yes(d),no(e),no(f),no(g),yes(h)}
{dom(1),dom(2),g(a),g(b),g(c),g(d),g(e),g(f),g(g),g(h),yes(a),yes(b),no(c),yes(d),no(e),no(f),no(g),no(h)}
{dom(1),dom(2),g(a),g(b),g(c),g(d),g(e),g(f),g(g),g(h),yes(a),yes(b),no(c),no(d),yes(e),yes(f),yes(g),yes(h)}
{dom(1),dom(2),g(a),g(b),g(c),g(d),g(e),g(f),g(g),g(h),yes(a),yes(b),no(c),no(d),yes(e),yes(f),yes(g),no(h)}
{dom(1),dom(2),g(a),g(b),g(c),g(d),g(e),g(f),g(g),g(h),yes(a),yes(b),no(c),no(d),yes(e),yes(f),no(g),yes(h)}
{dom(1),dom(2),g(a),g(b),g(c),g(d),g(e),g(f),g(g),g(h),yes(a),yes(b),no(c),no(d),yes(e),yes(f),no(g),no(h)}
{dom(1),dom(2),g(a),g(b),g(c),g(d),g(e),g(f),g(g),g(h),yes(a),yes(b),no(c),no(d),yes(e),no(f),yes(g),yes(h)}
{dom(1),dom(2),g(a),g(b),g(c),g(d),g(e),g(f),g(g),g(h),yes(a),yes(b),no(c),no(d),yes(e),no(f),yes(g),no(h)}
{dom(1),dom(2),g(a),g(b),g(c),g(d),g(e),g(f),g(g),g(h),yes(a),yes(b),no(c),no(d),yes(e),no(f),no(g),yes(h)}
{dom(1),dom(2),g(a),g(b),g(c),g(d),g(e),g(f),g(g),g(h),yes(a),yes(b),no(c),no(d),yes(e),no(f),no(g),no(h)}
{dom(1),dom(2),g(a),g(b),g(c),g(d),g(e),g(f),g(g),g(h),yes(a),yes(b),no(c),no(d),no(e),yes(f),yes(g),yes(h)}
{dom(1),dom(2),g(a),g(b),g(c),g(d),g(e),g(f),g(g),g(h),yes(a),yes(b),no(c),no(d),no(e),yes(f),yes(g),no(h)}
{dom(1),dom(2),g(a),g(b),g(c),g(d),g(e),g(f),g(g),g(h),yes(a),yes(b),no(c),no(d),no(e),yes(f),no(g),yes(h)}
{dom(1),dom(2),g(a),g(b),g(c),g(d),g(e),g(f),g(g),g(h),yes(a),yes(b),no(c),no(d),no(e),yes(f),no(g),no(h)}
{dom(1),dom(2),g(a),g(b),g(c),g(d),g(e),g(f),g(g),g(h),yes(a),yes(b),no(c),no(d),no(e),no(f),yes(g),yes(h)}
{dom(1),dom(2),g(a),g(b),g(c),g(d),g(e),g(f),g(g),g(h),yes(a),yes(b),no(c),no(d),no(e),no(f),yes(g),no(h)}
{dom(1),dom(2),g(a),g(b),g(c),g(d),g(e),g(f),g(g),g(h),yes(a),yes(b),no(c),no(d),no(e),no(f),no(g),yes(h)}
{dom(1),dom(2),g(a),g(b),g(c),g(d),g(e),g(f),g(g),g(h),yes(a),yes(b),no(c),no(d),no(e),no(f),no(g),no(h)}
{dom(1),dom(2),g(a),g(b),g(c),g(d),g(e),g(f),g(g),g(h),yes(a),no(b),yes(c),yes(d),yes(e),yes(f),yes(g),yes(h)}
{dom(1),dom(2),g(a),g(b),g(c),g(d),g(e),g(f),g(g),g(h),yes(a),no(b),yes(c),yes(d),yes(e),yes(f),yes(g),no(h)}
{dom(1),dom(2),g(a),g(b),g(c),g(d),g(e),g(f),g(g),g(h),yes(a),no(b),yes(c),yes(d),yes(e),yes(f),no(g),yes(h)}
{dom(1),dom(2),g(a),g(b),g(c),g(d),g(e),g(f),g(g),g(h),yes(a),no(b),yes(c),yes(d),yes(e),yes(f),no(g),no(h)}
{dom(1),dom(2),g(a),g(b),g(c),g(d),g(e),g(f),g(g),g(h),yes(a),no(b),yes(c),yes(d),yes(e),no(f),yes(g),yes(h)}
{dom(1),dom(2),g(a),g(b),g(c),g(d),g(e),g(f),g(g),g(h),yes(a),no(b),yes(c),yes(d),yes(e),no(f),yes(g),no(h)}
{dom(1),dom(2),g(a),g(b),g(c),g(d),g(e),g(f),g(g),g(h),yes(a),no(b),yes(c),yes(d),yes(e),no(f),no(g),yes(h)}
{dom(1),dom(2),g(a),g(b),g(c),g(d),g(e),g(f),g(g),g(h),yes(a),no(b),yes(c),yes(d),yes(e),no(f),no(g),no(h)}
{dom(1),dom(2),g(a),g(b),g(c),g(d),g(e),g(f),g(g),g(h),yes(a),no(b),yes(c),yes(d),no(e),yes(f),yes(g),yes(h)}
{dom(1),dom(2),g(a),g(b),g(c),g(d),g(e),g(f),g(g),g(h),yes(a),no(b),yes(c),yes(d),no(e),yes(f),yes(g),no(h)}
{dom(1),dom(2),g(a),g(b),g(c),g(d),g(e),g(f),g(g),g(h),yes(a),no(b),yes(c),yes(d),no(e),yes(f),no(g),yes(h)}
{dom(1),dom(2),g(a),g(b),g(c),g(d),g(e),g(f),g(g),g(h),yes(a),no(b),yes(c),yes(d),no(e),yes(f),no(g),no(h)}
{dom(1),dom(2),g(a),g(b),g(c),g(d),g(e),g(f),g(g),g(h),yes(a),no(b),yes(c),yes(d),no(e),no(f),yes(g),yes(h)}
{dom(1),dom(2),g(a),g(b),g(c),g(d),g(e),g(f),g(g),g(h),yes(a),no(b),yes(c),yes(d),no(e),no(f),yes(g),no(h)}
{dom(1),dom(2),g(a),g(b),g(c),g(d),g(e),g(f),g(g),g(h),yes(a),no(b),yes(c),yes(d),no(e),no(f),no(g),yes(h)}
{dom(1),dom(2),g(a),g(b),g(c),g(d),g(e),g(f),g(g),g(h),yes(a),no(b),yes(c),yes(d),no(e),no(f),no(g),no(h)}
{dom(1),dom(2),g(a),g(b),g(c),g(d),g(e),g(f),g(g),g(h),yes(a),no(b),yes(c),no(d),yes(e),yes(f),yes(g),yes(h)}
{dom(1),dom(2),g(a),g(b),g(c),g(d),g(e),g(f),g(g),g(h),yes(a),no(b),yes(c),no(d),yes(e),yes(f),yes(g),no(h)}
{dom(1),dom(2),g(a),g(b),g(c),g(d),g(e),g(f),g(g),g(h),yes(a),no(b),yes(c),no(d),yes(e),yes(f),no(g),yes(h)}
{dom(1),dom(2),g(a),g(b),g(c),g(d),g(e),g(f),g(g),g(h),yes(a),no(b),yes(c),no(d),yes(e),yes(f),no(g),no(h)}
{dom(1),dom(2),g(a),g(b),g(c),g(d),g(e),g(f),g(g),g(h),yes(a),no(b),yes(c),no(d),yes(e),no(f),yes(g),yes(h)}
{dom(1),dom(2),g(a),g(b),g(c),g(d),g(e),g(f),g(g),g(h),yes(a),no(b),yes(c),no(d),yes(e),no(f),yes(g),no(h)}
{dom(1),dom(2),g(a),g(b),g(c),g(d),g(e),g(f),g(g),g(h),yes(a),no(b),yes(c),no(d),yes(e),no(f),no(g),yes(h)}
{dom(1),dom(2),g(a),g(b),g(c),g(d),g(e),g(f),g(g),g(h),yes(a),no(b),yes(c),no(d),yes(e),no(f),no(g),no(h)}
{dom(1),dom(2),g(a),g(b),g(c),g(d),g(e),g(f),g(g),g(h),yes(a),no(b),yes(c),no(d),no(e),yes(f),yes(g),yes(h)}
{dom(1),dom(2),g(a),g(b),g(c),g(d),g(e),g(f),g(g),g(h),yes(a),no(b),yes(c),no(d),no(e),yes(f),yes(g),no(h)}
{dom(1),dom(2),g(a),g(b),g(c),g(d),g(e),g(f),g(g),g(h),yes(a),no(b),yes(c),no(d),no(e),yes(f),no(g),yes(h)}
{dom(1),dom(2),g(a),g(b),g(c),g(d),g(e),g(f),g(g),g(h),yes(a),no(b),yes(c),no(d),no(e),yes(f),no(g),no(h)}
{dom(1),dom(2),g(a),g(b),g(c),g(d),g(e),g(f),g(g),g(h),yes(a),no(b),yes(c),no(d),no(e),no(f),yes(g),yes(h)}
{dom(1),dom(2),g(a),g(b),g(c),g(d),g(e),g(f),g(g),g(h),yes(a),no(b),yes(c),no(d),no(e),no(f),yes(g),no(h)}
{dom(1),dom(2),g(a),g(b),g(c),g(d),g(e),g(f),g(g),g(h),yes(a),no(b),yes(c),no(d),no(e),no(f),no(g),yes(h)}
{dom(1),dom(2),g(a),g(b),g(c),g(d),g(e),g(f),g(g),g(h),yes(a),no(b),yes(c),no(d),no(e),no(f),no(g),no(h)}
{dom(1),dom(2),g(a),g(b),g(c),g(d),g(e),g(f),g(g),g(h),yes(a),no(b),no(c),yes(d),yes(e),yes(f),yes(g),yes(h)}
{dom(1),dom(2),g(a),g(b),g(c),g(d),g(e),g(f),g(g),g(h),yes(a),no(b),no(c),yes(d),yes(e),yes(f),yes(g),no(h)}
{dom(1),dom(2),g(a),g(b),g(c),g(d),g(e),g(f),g(g),g(h),yes(a),no(b),no(c),yes(d),yes(e),yes(f),no(g),yes(h)}
{dom(1),dom(2),g(a),g(b),g(c),g(d),g(e),g(f),g(g),g(h),yes(a),no(b),no(c),yes(d),yes(e),yes(f),no(g),no(h)}
{dom(1),dom(2),g(a),g(b),g(c),g(d),g(e),g(f),g(g),g(h),yes(a),no(b),no(c),yes(d),yes(e),no(f),yes(g),yes(h)}
{dom(1),dom(2),g(a),g(b),g(c),g(d),g(e),g(f),g(g),g(h),yes(a),no(b),no(c),yes(d),yes(e),no(f),yes(g),no(h)}
{dom(1),dom(2),g(a),g(b),g(c),g(d),g(e),g(f),g(g),g(h),yes(a),no(b),no(c),yes(d),yes(e),no(f),no(g),yes(h)}
{dom(1),dom(2),g(a),g(b),g(c),g(d),g(e),g(f),g(g),g(h),yes(a),no(b),no(c),yes(d),yes(e),no(f),no(g),no(h)}
{dom(1),dom(2),g(a),g(b),g(c),g(d),g(e),g(f),g(g),g(h),yes(a),no(b),no(c),yes(d),no(e),yes(f),yes(g),yes(h)}
{dom(1),dom(2),g(a),g(b),g(c),g(d),g(e),g(f),g(g),g(h),yes(a),no(b),no(c),yes(d),no(e),yes(f),yes(g),no(h)}
{dom(1),dom(2),g(a),g(b),g(c),g(d),g(e),g(f),g(g),g(h),yes(a),no(b),no(c),yes(d),no(e),yes(f),no(g),yes(h)}
{dom(1),dom(2),g(a),g(b),g(c),g(d),g(e),g(f),g(g),g(h),yes(a),no(b),no(c),yes(d),no(e),yes(f),no(g),no(h)}
{dom(1),dom(2),g(a),g(b),g(c),g(d),g(e),g(f),g(g),g(h),yes(a),no(b),no(c),yes(d),no(e),no(f),yes(g),yes(h)}
{dom(1),dom(2),g(a),g(b),g(c),g(d),g(e),g(f),g(g),g(h),yes(a),no(b),no(c),yes(d),no(e),no(f),yes(g),no(h)}
{dom(1),dom(2),g(a),g(b),g(c),g(d),g(e),g(f),g(g),g(h),yes(a),no(b),no(c),yes(d),no(e),no(f),no(g),yes(h)}
{dom(1),dom(2),g(a),g(b),g(c),g(d),g(e),g(f),g(g),g(h),yes(a),no(b),no(c),yes(d),no(e),no(f),no(g),no(h)}
{dom(1),dom(2),g(a),g(b),g(c),g(d),g(e),g(f),g(g),g(h),yes(a),no(b),no(c),no(d),yes(e),yes(f),yes(g),yes(h)}
{dom(1),dom(2),g(a),g(b),g(c),g(d),g(e),g(f),g(g),g(h),yes(a),no(b),no(c),no(d),yes(e),yes(f),yes(g),no(h)}
{dom(1),dom(2),g(a),g(b),g(c),g(d),g(e),g(f),g(g),g(h),yes(a),no(b),no(c),no(d),yes(e),yes(f),no(g),yes(h)}
{dom(1),dom(2),g(a),g(b),g(c),g(d),g(e),g(f),g(g),g(h),yes(a),no(b),no(c),no(d),yes(e),yes(f),no(g),no(h)}
{dom(1),dom(2),g(a),g(b),g(c),g(d),g(e),g(f),g(g),g(h),yes(a),no(b),no(c),no(d),yes(e),no(f),yes(g),yes(h)}
{dom(1),dom(2),g(a),g(b),g(c),g(d),g(e),g(f),g(g),g(h),yes(a),no(b),no(c),no(d),yes(e),no(f),yes(g),no(h)}
{dom(1),dom(2),g(a),g(b),g(c),g(d),g(e),g(f),g(g),g(h),yes(a),no(b),no(c),no(d),yes(e),no(f),no(g),yes(h)}
{dom(1),dom(2),g(a),g(b),g(c),g(d),g(e),g(f),g(g),g(h),yes(a),no(b),no(c),no(d),yes(e),no(f),no(g),no(h)}
{dom(1),dom(2),g(a),g(b),g(c),g(d),g(e),g(f),g(g),g(h),yes(a),no(b),no(c),no(d),no(e),yes(f),yes(g),yes(h)}
{dom(1),dom(2),g(a),g(b),g(c),g(d),g(e),g(f),g(g),g(h),yes(a),no(b),no(c),no(d),no(e),yes(f),yes(g),no(h)}
{dom(1),dom(2),g(a),g(b),g(c),g(d),g(e),g(f),g(g),g(h),yes(a),no(b),no(c),no(d),no(e),yes(f),no(g),yes(h)}
{dom(1),dom(2),g(a),g(b),g(c),g(d),g(e),g(f),g(g),g(h),yes(a),no(b),no(c),no(d),no(e),yes(f),no(g),no(h)}
{dom(1),dom(2),g(a),g(b),g(c),g(d),g(e),g(f),g(g),g(h),yes(a),no(b),no(c),no(d),no(e),no(f),yes(g),yes(h)}
{dom(1),dom(2),g(a),g(b),g(c),g(d),g(e),g(f),g(g),g(h),yes(a),no(b),no(c),no(d),no(e),no(f),yes(g),no(h)}
{dom(1),dom(2),g(a),g(b),g(c),g(d),g(e),g(f),g(g),g(h),yes(a),no(b),no(c),no(d),no(e),no(f),no(g),yes(h)}
{dom(1),dom(2),g(a),g(b),g(c),g(d),g(e),g(f),g(g),g(h),yes(a),no(b),no(c),no(d),no(e),no(f),no(g),no(h)}
{dom(1),dom(2),g(a),g(b),g(c),g(d),g(e),g(f),g(g),g(h),no(a),yes(b),yes(c),yes(d),yes(e),yes(f),yes(g),yes(h)}
{dom(1),dom(2),g(a),g(b),g(c),g(d),g(e),g(f),g(g),g(h),no(a),yes(b),yes(c),yes(d),yes(e),yes(f),yes(g),no(h)}
{dom(1),dom(2),g(a),g(b),g(c),g(d),g(e),g(f),g(g),g(h),no(a),yes(b),yes(c),yes(d),yes(e),yes(f),no(g),yes(h)}
{dom(1),dom(2),g(a),g(b),g(c),g(d),g(e),g(f),g(g),g(h),no(a),yes(b),yes(c),yes(d),yes(e),yes(f),no(g),no(h)}
{dom(1),dom(2),g(a),g(b),g(c),g(d),g(e),g(f),g(g),g(h),no(a),yes(b),yes(c),yes(d),yes(e),no(f),yes(g),yes(h)}
{dom(1),dom(2),g(a),g(b),g(c),g(d),g(e),g(f),g(g),g(h),no(a),yes(b),yes(c),yes(d),yes(e),no(f),yes(g),no(h)}
{dom(1),dom(2),g(a),g(b),g(c),g(d),g(e),g(f),g(g),g(h),no(a),yes(b),yes(c),yes(d),yes(e),no(f),no(g),yes(h)}
{dom(1),dom(2),g(a),g(b),g(c),g(d),g(e),g(f),g(g),g(h),no(a),yes(b),yes(c),yes(d),yes(e),no(f),no(g),no(h)}
{dom(1),dom(2),g(a),g(b),g(c),g(d),g(e),g(f),g(g),g(h),no(a),yes(b),yes(c),yes(d),no(e),yes(f),yes(g),yes(h)}
{dom(1),dom(2),g(a),g(b),g(c),g(d),g(e),g(f),g(g),g(h),no(a),yes(b),yes(c),yes(d),no(e),yes(f),yes(g),no(h)}
{dom(1),dom(2),g(a),g(b),g(c),g(d),g(e),g(f),g(g),g(h),no(a),yes(b),yes(c),yes(d),no(e),yes(f),no(g),yes(h)}
{dom(1),dom(2),g(a),g(b),g(c),g(d),g(e),g(f),g(g),g(h),no(a),yes(b),yes(c),yes(d),no(e),yes(f),no(g),no(h)}
{dom(1),dom(2),g(a),g(b),g(c),g(d),g(e),g(f),g(g),g(h),no(a),yes(b),yes(c),yes(d),no(e),no(f),yes(g),yes(h)}
{dom(1),dom(2),g(a),g(b),g(c),g(d),g(e),g(f),g(g),g(h),no(a),yes(b),yes(c),yes(d),no(e),no(f),yes(g),no(h)}
{dom(1),dom(2),g(a),g(b),g(c),g(d),g(e),g(f),g(g),g(h),no(a),yes(b),yes(c),yes(d),no(e),no(f),no(g),yes(h)}
{dom(1),dom(2),g(a),g(b),g(c),g(d),g(e),g(f),g(g),g(h),no(a),yes(b),yes(c),yes(d),no(e),no(f),no(g),no(h)}
{dom(1),dom(2),g(a),g(b),g(c),g(d),g(e),g(f),g(g),g(h),no(a),yes(b),yes(c),no(d),yes(e),yes(f),yes(g),yes(h)}
{dom(1),dom(2),g(a),g(b),g(c),g(d),g(e),g(f),g(g),g(h),no(a),yes(b),yes(c),no(d),yes(e),yes(f),yes(g),no(h)}
{dom(1),dom(2),g(a),g(b),g(c),g(d),g(e),g(f),g(g),g(h),no(a),yes(b),yes(c),no(d),yes(e),yes(f),no(g),yes(h)}
{dom(1),dom(2),g(a),g(b),g(c),g(d),g(e),g(f),g(g),g(h),no(a),yes(b),yes(c),no(d),yes(e),yes(f),no(g),no(h)}
{dom(1),dom(2),g(a),g(b),g(c),g(d),g(e),g(f),g(g),g(h),no(a),yes(b),yes(c),no(d),yes(e),no(f),yes(g),yes(h)}
{dom(1),dom(2),g(a),g(b),g(c),g(d),g(e),g(f),g(g),g(h),no(a),yes(b),yes(c),no(d),yes(e),no(f),yes(g),no(h)}
{dom(1),dom(2),g(a),g(b),g(c),g(d),g(e),g(f),g(g),g(h),no(a),yes(b),yes(c),no(d),yes(e),no(f),no(g),yes(h)}
{dom(1),dom(2),g(a),g(b),g(c),g(d),g(e),g(f),g(g),g(h),no(a),yes(b),yes(c),no(d),yes(e),no(f),no(g),no(h)}
{dom(1),dom(2),g(a),g(b),g(c),g(d),g(e),g(f),g(g),g(h),no(a),yes(b),yes(c),no(d),no(e),yes(f),yes(g),yes(h)}
{dom(1),dom(2),g(a),g(b),g(c),g(d),g(e),g(f),g(g),g(h),no(a),yes(b),yes(c),no(d),no(e),yes(f),yes(g),no(h)}
{dom(1),dom(2),g(a),g(b),g(c),g(d),g(e),g(f),g(g),g(h),no(a),yes(b),yes(c),no(d),no(e),yes(f),no(g),yes(h)}
{dom(1),dom(2),g(a),g(b),g(c),g(d),g(e),g(f),g(g),g(h),no(a),yes(b),yes(c),no(d),no(e),yes(f),no(g),no(h)}
{dom(1),dom(2),g(a),g(b),g(c),g(d),g(e),g(f),g(g),g(h),no(a),yes(b),yes(c),no(d),no(e),no(f),yes(g),yes(h)}
{dom(1),dom(2),g(a),g(b),g(c),g(d),g(e),g(f),g(g),g(h),no(a),yes(b),yes(c),no(d),no(e),no(f),yes(g),no(h)}
{dom(1),dom(2),g(a),g(b),g(c),g(d),g(e),g(f),g(g),g(h),no(a),yes(b),yes(c),no(d),no(e),no(f),no(g),yes(h)}
{dom(1),dom(2),g(a),g(b),g(c),g(d),g(e),g(f),g(g),g(h),no(a),yes(b),yes(c),no(d),no(e),no(f),no(g),no(h)}
{dom(1),dom(2),g(a),g(b),g(c),g(d),g(e),g(f),g(g),g(h),no(a),yes(b),no(c),yes(d),yes(e),yes(f),yes(g),yes(h)}
{dom(1),dom(2),g(a),g(b),g(c),g(d),g(e),g(f),g(g),g(h),no(a),yes(b),no(c),yes(d),yes(e),yes(f),yes(g),no(h)}
{dom(1),dom(2),g(a),g(b),g(c),g(d),g(e),g(f),g(g),g(h),no(a),yes(b),no(c),yes(d),yes(e),yes(f),no(g),yes(h)}
{dom(1),dom(2),g(a),g(b),g(c),g(d),g(e),g(f),g(g),g(h),no(a),yes(b),no(c),yes(d),yes(e),yes(f),no(g),no(h)}
{dom(1),dom(2),g(a),g(b),g(c),g(d),g(e),g(f),g(g),g(h),no(a),yes(b),no(c),yes(d),yes(e),no(f),yes(g),yes(h)}
{dom(1),dom(2),g(a),g(b),g(c),g(d),g(e),g(f),g(g),g(h),no(a),yes(b),no(c),yes(d),yes(e),no(f),yes(g),no(h)}
{dom(1),dom(2),g(a),g(b),g(c),g(d),g(e),g(f),g(g),g(h),no(a),yes(b),no(c),yes(d),yes(e),no(f),no(g),yes(h)}
{dom(1),dom(2),g(a),g(b),g(c),g(d),g(e),g(f),g(g),g(h),no(a),yes(b),no(c),yes(d),yes(e),no(f),no(g),no(h)}
{dom(1),dom(2),g(a),g(b),g(c),g(d),g(e),g(f),g(g),g(h),no(a),yes(b),no(c),yes(d),no(e),yes(f),yes(g),yes(h)}
{dom(1),dom(2),g(a),g(b),g(c),g(d),g(e),g(f),g(g),g(h),no(a),yes(b),no(c),yes(d),no(e),yes(f),yes(g),no(h)}
{dom(1),dom(2),g(a),g(b),g(c),g(d),g(e),g(f),g(g),g(h),no(a),yes(b),no(c),yes(d),no(e),yes(f),no(g),yes(h)}
{dom(1),dom(2),g(a),g(b),g(c),g(d),g(e),g(f),g(g),g(h),no(a),yes(b),no(c),yes(d),no(e),yes(f),no(g),no(h)}
{dom(1),dom(2),g(a),g(b),g(c),g(d),g(e),g(f),g(g),g(h),no(a),yes(b),no(c),yes(d),no(e),no(f),yes(g),yes(h)}
{dom(1),dom(2),g(a),g(b),g(c),g(d),g(e),g(f),g(g),g(h),no(a),yes(b),no(c),yes(d),no(e),no(f),yes(g),no(h)}
{dom(1),dom(2),g(a),g(b),g(c),g(d),g(e),g(f),g(g),g(h),no(a),yes(b),no(c),yes(d),no(e),no(f),no(g),yes(h)}
{dom(1),dom(2),g(a),g(b),g(c),g(d),g(e),g(f),g(g),g(h),no(a),yes(b),no(c),yes(d),no(e),no(f),no(g),no(h)}
{dom(1),dom(2),g(a),g(b),g(c),g(d),g(e),g(f),g(g),g(h),no(a),yes(b),no(c),no(d),yes(e),yes(f),yes(g),yes(h)}
{dom(1),dom(2),g(a),g(b),g(c),g(d),g(e),g(f),g(g),g(h),no(a),yes(b),no(c),no(d),yes(e),yes(f),yes(g),no(h)}
{dom(1),dom(2),g(a),g(b),g(c),g(d),g(e),g(f),g(g),g(h),no(a),yes(b),no(c),no(d),yes(e),yes(f),no(g),yes(h)}
{dom(1),dom(2),g(a),g(b),g(c),g(d),g(e),g(f),g(g),g(h),no(a),yes(b),no(c),no(d),yes(e),yes(f),no(g),no(h)}
{dom(1),dom(2),g(a),g(b),g(c),g(d),g(e),g(f),g(g),g(h),no(a),yes(b),no(c),no(d),yes(e),no(f),yes(g),yes(h)}
{dom(1),dom(2),g(a),g(b),g(c),g(d),g(e),g(f),g(g),g(h),no(a),yes(b),no(c),no(d),yes(e),no(f),yes(g),no(h)}
{dom(1),dom(2),g(a),g(b),g(c),g(d),g(e),g(f),g(g),g(h),no(a),yes(b),no(c),no(d),yes(e),no(f),no(g),yes(h)}
{dom(1),dom(2),g(a),g(b),g(c),g(d),g(e),g(f),g(g),g(h),no(a),yes(b),no(c),no(d),yes(e),no(f),no(g),no(h)}
{dom(1),dom(2),g(a),g(b),g(c),g(d),g(e),g(f),g(g),g(h),no(a),yes(b),no(c),no(d),no(e),yes(f),yes(g),yes(h)}
{dom(1),dom(2),g(a),g(b),g(c),g(d),g(e),g(f),g(g),g(h),no(a),yes(b),no(c),no(d),no(e),yes(f),yes(g),no(h)}
{dom(1),dom(2),g(a),g(b),g(c),g(d),g(e),g(f),g(g),g(h),no(a),yes(b),no(c),no(d),no(e),yes(f),no(g),yes(h)}
{dom(1),dom(2),g(a),g(b),g(c),g(d),g(e),g(f),g(g),g(h),no(a),yes(b),no(c),no(d),no(e),yes(f),no(g),no(h)}
{dom(1),dom(2),g(a),g(b),g(c),g(d),g(e),g(f),g(g),g(h),no(a),yes(b),no(c),no(d),no(e),no(f),yes(g),yes(h)}
{dom(1),dom(2),g(a),g(b),g(c),g(d),g(e),g(f),g(g),g(h),no(a),yes(b),no(c),no(d),no(e),no(f),yes(g),no(h)}
{dom(1),dom(2),g(a),g(b),g(c),g(d),g(e),g(f),g(g),g(h),no(a),yes(b),no(c),no(d),no(e),no(f),no(g),yes(h)}
{dom(1),dom(2),g(a),g(b),g(c),g(d),g(e),g(f),g(g),g(h),no(a),yes(b),no(c),no(d),no(e),no(f),no(g),no(h)}
{dom(1),dom(2),g(a),g(b),g(c),g(d),g(e),g(f),g(g),g(h),no(a),no(b),yes(c),yes(d),yes(e),yes(f),yes(g),yes(h)}
{dom(1),dom(2),g(a),g(b),g(c),g(d),g(e),g(f),g(g),g(h),no(a),no(b),yes(c),yes(d),yes(e),yes(f),yes(g),no(h)}
{dom(1),dom(2),g(a),g(b),g(c),g(d),g(e),g(f),g(g),g(h),no(a),no(b),yes(c),yes(d),yes(e),yes(f),no(g),yes(h)}
{dom(1),dom(2),g(a),g(b),g(c),g(d),g(e),g(f),g(g),g(h),no(a),no(b),yes(c),yes(d),yes(e),yes(f),no(g),no(h)}
{dom(1),dom(2),g(a),g(b),g(c),g(d),g(e),g(f),g(g),g(h),no(a),no(b),yes(c),yes(d),yes(e),no(f),yes(g),yes(h)}
{dom(1),dom(2),g(a),g(b),g(c),g(d),g(e),g(f),g(g),g(h),no(a),no(b),yes(c),yes(d),yes(e),no(f),yes(g),no(h)}
{dom(1),dom(2),g(a),g(b),g(c),g(d),g(e),g(f),g(g),g(h),no(a),no(b),yes(c),yes(d),yes(e),no(f),no(g),yes(h)}
{dom(1),dom(2),g(a),g(b),g(c),g(d),g(e),g(f),g(g),g(h),no(a),no(b),yes(c),yes(d),yes(e),no(f),no(g),no(h)}
{dom(1),dom(2),g(a),g(b),g(c),g(d),g(e),g(f),g(g),g(h),no(a),no(b),yes(c),yes(d),no(e),yes(f),yes(g),yes(h)}
{dom(1),dom(2),g(a),g(b),g(c),g(d),g(e),g(f),g(g),g(h),no(a),no(b),yes(c),yes(d),no(e),yes(f),yes(g),no(h)}
{dom(1),dom(2),g(a),g(b),g(c),g(d),g(e),g(f),g(g),g(h),no(a),no(b),yes(c),yes(d),no(e),yes(f),no(g),yes(h)}
{dom(1),dom(2),g(a),g(b),g(c),g(d),g(e),g(f),g(g),g(h),no(a),no(b),yes(c),yes(d),no(e),yes(f),no(g),no(h)}
{dom(1),dom(2),g(a),g(b),g(c),g(d),g(e),g(f),g(g),g(h),no(a),no(b),yes(c),yes(d),no(e),no(f),yes(g),yes(h)}
{dom(1),dom(2),g(a),g(b),g(c),g(d),g(e),g(f),g(g),g(h),no(a),no(b),yes(c),yes(d),no(e),no(f),yes(g),no(h)}
{dom(1),dom(2),g(a),g(b),g(c),g(d),g(e),g(f),g(g),g(h),no(a),no(b),yes(c),yes(d),no(e),no(f),no(g),yes(h)}
{dom(1),dom(2),g(a),g(b),g(c),g(d),g(e),g(f),g(g),g(h),no(a),no(b),yes(c),yes(d),no(e),no(f),no(g),no(h)}
{dom(1),dom(2),g(a),g(b),g(c),g(d),g(e),g(f),g(g),g(h),no(a),no(b),yes(c),no(d),yes(e),yes(f),yes(g),yes(h)}
{dom(1),dom(2),g(a),g(b),g(c),g(d),g(e),g(f),g(g),g(h),no(a),no(b),yes(c),no(d),yes(e),yes(f),yes(g),no(h)}
{dom(1),dom(2),g(a),g(b),g(c),g(d),g(e),g(f),g(g),g(h),no(a),no(b),yes(c),no(d),yes(e),yes(f),no(g),yes(h)}
{dom(1),dom(2),g(a),g(b),g(c),g(d),g(e),g(f),g(g),g(h),no(a),no(b),yes(c),no(d),yes(e),yes(f),no(g),no(h)}
{dom(1),dom(2),g(a),g(b),g(c),g(d),g(e),g(f),g(g),g(h),no(a),no(b),yes(c),no(d),yes(e),no(f),yes(g),yes(h)}
{dom(1),dom(2),g(a),g(b),g(c),g(d),g(e),g(f),g(g),g(h),no(a),no(b),yes(c),no(d),yes(e),no(f),yes(g),no(h)}
{dom(1),dom(2),g(a),g(b),g(c),g(d),g(e),g(f),g(g),g(h),no(a),no(b),yes(c),no(d),yes(e),no(f),no(g),yes(h)}
{dom(1),dom(2),g(a),g(b),g(c),g(d),g(e),g(f),g(g),g(h),no(a),no(b),yes(c),no(d),yes(e),no(f),no(g),no(h)}
{dom(1),dom(2),g(a),g(b),g(c),g(d),g(e),g(f),g(g),g(h),no(a),no(b),yes(c),no(d),no(e),yes(f),yes(g),yes(h)}
{dom(1),dom(2),g(a),g(b),g(c),g(d),g(e),g(f),g(g),g(h),no(a),no(b),yes(c),no(d),no(e),yes(f),yes(g),no(h)}
{dom(1),dom(2),g(a),g(b),g(c),g(d),g(e),g(f),g(g),g(h),no(a),no(b),yes(c),no(d),no(e),yes(f),no(g),yes(h)}
{dom(1),dom(2),g(a),g(b),g(c),g(d),g(e),g(f),g(g),g(h),no(a),no(b),yes(c),no(d),no(e),yes(f),no(g),no(h)}
{dom(1),dom(2),g(a),g(b),g(c),g(d),g(e),g(f),g(g),g(h),no(a),no(b),yes(c),no(d),no(e),no(f),yes(g),yes(h)}
{dom(1),dom(2),g(a),g(b),g(c),g(d),g(e),g(f),g(g),g(h),no(a),no(b),yes(c),no(d),no(e),no(f),yes(g),no(h)}
{dom(1),dom(2),g(a),g(b),g(c),g(d),g(e),g(f),g(g),g(h),no(a),no(b),yes(c),no(d),no(e),no(f),no(g),yes(h)}
{dom(1),dom(2),g(a),g(b),g(c),g(d),g(e),g(f),g(g),g(h),no(a),no(b),yes(c),no(d),no(e),no(f),no(g),no(h)}
{dom(1),dom(2),g(a),g(b),g(c),g(d),g(e),g(f),g(g),g(h),no(a),no(b),no(c),yes(d),yes(e),yes(f),yes(g),yes(h)}
{dom(1),dom(2),g(a),g(b),g(c),g(d),g(e),g(f),g(g),g(h),no(a),no(b),no(c),yes(d),yes(e),yes(f),yes(g),no(h)}
{dom(1),dom(2),g(a),g(b),g(c),g(d),g(e),g(f),g(g),g(h),no(a),no(b),no(c),yes(d),yes(e),yes(f),no(g),yes(h)}
{dom(1),dom(2),g(a),g(b),g(c),g(d),g(e),g(f),g(g),g(h),no(a),no(b),no(c),yes(d),yes(e),yes(f),no(g),no(h)}
{dom(1),dom(2),g(a),g(b),g(c),g(d),g(e),g(f),g(g),g(h),no(a),no(b),no(c),yes(d),yes(e),no(f),yes(g),yes(h)}
{dom(1),dom(2),g(a),g(b),g(c),g(d),g(e),g(f),g(g),g(h),no(a),no(b),no(c),yes(d),yes(e),no(f),yes(g),no(h)}
{dom(1),dom(2),g(a),g(b),g(c),g(d),g(e),g(f),g(g),g(h),no(a),no(b),no(c),yes(d),yes(e),no(f),no(g),yes(h)}
{dom(1),dom(2),g(a),g(b),g(c),g(d),g(e),g(f),g(g),g(h),no(a),no(b),no(c),yes(d),yes(e),no(f),no(g),no(h)}
{dom(1),dom(2),g(a),g(b),g(c),g(d),g(e),g(f),g(g),g(h),no(a),no(b),no(c),yes(d),no(e),yes(f),yes(g),yes(h)}
{dom(1),dom(2),g(a),g(b),g(c),g(d),g(e),g(f),g(g),g(h),no(a),no(b),no(c),yes(d),no(e),yes(f),yes(g),no(h)}
{dom(1),dom(2),g(a),g(b),g(c),g(d),g(e),g(f),g(g),g(h),no(a),no(b),no(c),yes(d),no(e),yes(f),no(g),yes(h)}
{dom(1),dom(2),g(a),g(b),g(c),g(d),g(e),g(f),g(g),g(h),no(a),no(b),no(c),yes(d),no(e),yes(f),no(g),no(h)}
{dom(1),dom(2),g(a),g(b),g(c),g(d),g(e),g(f),g(g),g(h),no(a),no(b),no(c),yes(d),no(e),no(f),yes(g),yes(h)}
{dom(1),dom(2),g(a),g(b),g(c),g(d),g(e),g(f),g(g),g(h),no(a),no(b),no(c),yes(d),no(e),no(f),yes(g),no(h)}
{dom(1),dom(2),g(a),g(b),g(c),g(d),g(e),g(f),g(g),g(h),no(a),no(b),no(c),yes(d),no(e),no(f),no(g),yes(h)}
{dom(1),dom(2),g(a),g(b),g(c),g(d),g(e),g(f),g(g),g(h),no(a),no(b),no(c),yes(d),no(e),no(f),no(g),no(h)}
{dom(1),dom(2),g(a),g(b),g(c),g(d),g(e),g(f),g(g),g(h),no(a),no(b),no(c),no(d),yes(e),yes(f),yes(g),yes(h)}
{dom(1),dom(2),g(a),g(b),g(c),g(d),g(e),g(f),g(g),g(h),no(a),no(b),no(c),no(d),yes(e),yes(f),yes(g),no(h)}
{dom(1),dom(2),g(a),g(b),g(c),g(d),g(e),g(f),g(g),g(h),no(a),no(b),no(c),no(d),yes(e),yes(f),no(g),yes(h)}
{dom(1),dom(2),g(a),g(b),g(c),g(d),g(e),g(f),g(g),g(h),no(a),no(b),no(c),no(d),yes(e),yes(f),no(g),no(h)}
{dom(1),dom(2),g(a),g(b),g(c),g(d),g(e),g(f),g(g),g(h),no(a),no(b),no(c),no(d),yes(e),no(f),yes(g),yes(h)}
{dom(1),dom(2),g(a),g(b),g(c),g(d),g(e),g(f),g(g),g(h),no(a),no(b),no(c),no(d),yes(e),no(f),yes(g),no(h)}
{dom(1),dom(2),g(a),g(b),g(c),g(d),g(e),g(f),g(g),g(h),no(a),no(b),no(c),no(d),yes(e),no(f),no(g),yes(h)}
{dom(1),dom(2),g(a),g(b),g(c),g(d),g(e),g(f),g(g),g(h),no(a),no(b),no(c),no(d),yes(e),no(f),no(g),no(h)}
{dom(1),dom(2),g(a),g(b),g(c),g(d),g(e),g(f),g(g),g(h),no(a),no(b),no(c),no(d),no(e),yes(f),yes(g),yes(h)}
{dom(1),dom(2),g(a),g(b),g(c),g(d),g(e),g(f),g(g),g(h),no(a),no(b),no(c),no(d),no(e),yes(f),yes(g),no(h)}
{dom(1),dom(2),g(a),g(b),g(c),g(d),g(e),g(f),g(g),g(h),no(a),no(b),no(c),no(d),no(e),yes(f),no(g),yes(h)}
{dom(1),dom(2),g(a),g(b),g(c),g(d),g(e),g(f),g(g),g(h),no(a),no(b),no(c),no(d),no(e),yes(f),no(g),no(h)}
{dom(1),dom(2),g(a),g(b),g(c),g(d),g(e),g(f),g(g),g(h),no(a),no(b),no(c),no(d),no(e),no(f),yes(g),yes(h)}
{dom(1),dom(2),g(a),g(b),g(c),g(d),g(e),g(f),g(g),g(h),no(a),no(b),no(c),no(d),no(e),no(f),yes(g),no(h)}
{dom(1),dom(2),g(a),g(b),g(c),g(d),g(e),g(f),g(g),g(h),no(a),no(b),no(c),no(d),no(e),no(f),no(g),yes(h)}
{dom(1),dom(2),g(a),g(b),g(c),g(d),g(e),g(f),g(g),g(h),no(a),no(b),no(c),no(d),no(e),no(f),no(g),no(h)}
