{p(1), r(0), n(0), m(0), m(1), nat(0), nat(1), nat(2)}
{p(1), r(2), n(0), n(1), n(2), m(0), m(1), nat(0), nat(1), nat(2)}
