(p1[{}]={q1(a),q1(b),ok1}, p2[{q(a),q(b)}]={q(a),q(b)}, p3[{r(a),r(b)}]={r(a),r(b)}, p4[{s(a),s(b)}]={s(a),s(b)})
