(main[{}]={ok1}, p2[{}]={ok2}, p3[{}]={ok3}, child[{}]={okChild})
