(p1[{}]={q1(a),q1(b),ok1}, p2[{q2(a),q2(b)}]={q2(a),q2(b),ok2}, p3[{q3(a),q3(b)}]={q3(a),q3(b),ok3,r(a),r(b)})
