(main[{}]={q(a),q(b),q(c)}, p1[{q1(a),q1(b),q1(c)}]={q1(a),q1(b),q1(c),q1i(b),q1i(c)}, p2[{q2(b),q2(c)}]={q2(b),q2(c),q2i(b)}, p2[{q2(b)}]={q2(b)}, p1[{q1(b),q1(c)}]={q1(b),q1(c),q1i(b)}, p1[{q1(b)}]={q1(b)})
(main[{}]={q(a),q(b),q(c)}, p1[{q1(a),q1(b),q1(c)}]={q1(a),q1(b),q1(c),q1i(b),q1i(c)}, p2[{q2(b),q2(c)}]={q2(b),q2(c),q2i(b)}, p2[{q2(b)}]={q2(b)}, p1[{q1(b),q1(c)}]={q1(b),q1(c),q1i(c)}, p2[{q2(c)}]={q2(c)}, p1[{q1(c)}]={q1(c)})
(main[{}]={q(a),q(b),q(c)}, p1[{q1(a),q1(b),q1(c)}]={q1(a),q1(b),q1(c),q1i(b),q1i(c)}, p2[{q2(b),q2(c)}]={q2(b),q2(c),q2i(c)}, p2[{q2(c)}]={q2(c)}, p1[{q1(b),q1(c)}]={q1(b),q1(c),q1i(b)}, p2[{q2(b)}]={q2(b)}, p1[{q1(b)}]={q1(b)})
(main[{}]={q(a),q(b),q(c)}, p1[{q1(a),q1(b),q1(c)}]={q1(a),q1(b),q1(c),q1i(b),q1i(c)}, p2[{q2(b),q2(c)}]={q2(b),q2(c),q2i(c)}, p2[{q2(c)}]={q2(c)}, p1[{q1(b),q1(c)}]={q1(b),q1(c),q1i(c)}, p1[{q1(c)}]={q1(c)})
(main[{}]={q(a),q(b),q(c)}, p1[{q1(a),q1(b),q1(c)}]={q1(a),q1(b),q1(c),q1i(a),q1i(c)}, p2[{q2(a),q2(c)}]={q2(a),q2(c),q2i(a)}, p2[{q2(a)}]={q2(a)}, p1[{q1(a),q1(c)}]={q1(a),q1(c),q1i(a)}, p1[{q1(a)}]={q1(a)})
(main[{}]={q(a),q(b),q(c)}, p1[{q1(a),q1(b),q1(c)}]={q1(a),q1(b),q1(c),q1i(a),q1i(c)}, p2[{q2(a),q2(c)}]={q2(a),q2(c),q2i(a)}, p2[{q2(a)}]={q2(a)}, p1[{q1(a),q1(c)}]={q1(a),q1(c),q1i(c)}, p2[{q2(c)}]={q2(c)}, p1[{q1(c)}]={q1(c)})
(main[{}]={q(a),q(b),q(c)}, p1[{q1(a),q1(b),q1(c)}]={q1(a),q1(b),q1(c),q1i(a),q1i(c)}, p2[{q2(a),q2(c)}]={q2(a),q2(c),q2i(c)}, p2[{q2(c)}]={q2(c)}, p1[{q1(a),q1(c)}]={q1(a),q1(c),q1i(a)}, p2[{q2(a)}]={q2(a)}, p1[{q1(a)}]={q1(a)})
(main[{}]={q(a),q(b),q(c)}, p1[{q1(a),q1(b),q1(c)}]={q1(a),q1(b),q1(c),q1i(a),q1i(c)}, p2[{q2(a),q2(c)}]={q2(a),q2(c),q2i(c)}, p2[{q2(c)}]={q2(c)}, p1[{q1(a),q1(c)}]={q1(a),q1(c),q1i(c)}, p1[{q1(c)}]={q1(c)})
(main[{}]={q(a),q(b),q(c)}, p1[{q1(a),q1(b),q1(c)}]={q1(a),q1(b),q1(c),q1i(a),q1i(b)}, p2[{q2(a),q2(b)}]={q2(a),q2(b),q2i(a)}, p2[{q2(a)}]={q2(a)}, p1[{q1(a),q1(b)}]={q1(a),q1(b),q1i(a)}, p1[{q1(a)}]={q1(a)})
(main[{}]={q(a),q(b),q(c)}, p1[{q1(a),q1(b),q1(c)}]={q1(a),q1(b),q1(c),q1i(a),q1i(b)}, p2[{q2(a),q2(b)}]={q2(a),q2(b),q2i(a)}, p2[{q2(a)}]={q2(a)}, p1[{q1(a),q1(b)}]={q1(a),q1(b),q1i(b)}, p2[{q2(b)}]={q2(b)}, p1[{q1(b)}]={q1(b)})
(main[{}]={q(a),q(b),q(c)}, p1[{q1(a),q1(b),q1(c)}]={q1(a),q1(b),q1(c),q1i(a),q1i(b)}, p2[{q2(a),q2(b)}]={q2(a),q2(b),q2i(b)}, p2[{q2(b)}]={q2(b)}, p1[{q1(a),q1(b)}]={q1(a),q1(b),q1i(a)}, p2[{q2(a)}]={q2(a)}, p1[{q1(a)}]={q1(a)})
(main[{}]={q(a),q(b),q(c)}, p1[{q1(a),q1(b),q1(c)}]={q1(a),q1(b),q1(c),q1i(a),q1i(b)}, p2[{q2(a),q2(b)}]={q2(a),q2(b),q2i(b)}, p2[{q2(b)}]={q2(b)}, p1[{q1(a),q1(b)}]={q1(a),q1(b),q1i(b)}, p1[{q1(b)}]={q1(b)})
