(p1[{}]={q1(a),q1(b),ok}, p2[{q2(a),q2(b)}]={q2(a),q2(b),skip2,even(c),q2i(b)}, p3[{q3(b)}]={q3(b),skip3,odd}, p2[{}]={even(c)})
