(p1[{}]={q1(a),q1(b),r1(a),r1(b),ok1}, p3[{q3(a),q3(b)}]={q3(a),q3(b),c}, p2[{q2(a),q2(b)}]={q2(a),q2(b),ok2})
