(p1[{}]={q(a),q(b),r(a),r(b),s(a),equalQR,greater_thanRS,less_thanSR}, p2[{q1(a),q1(b),q2(a),q2(b)}]={q1(a),q1(b),q2(a),q2(b),skip1,skip2,equal,q2i(a),q1i(a)}, p2[{q1(a),q2(a)}]={q1(a),q2(a),skip1,skip2,equal}, p2[{}]={equal}, p2[{q1(a),q1(b),q2(a)}]={q1(a),q1(b),q2(a),skip1,skip2,greater_than,q1i(a)}, p2[{q1(a)}]={q1(a),skip1,greater_than}, p2[{q1(a),q2(a),q2(b)}]={q1(a),q2(a),q2(b),skip1,skip2,less_than,q2i(a)}, p2[{q2(a)}]={q2(a),skip2,less_than})
(p1[{}]={q(a),q(b),r(a),r(b),s(a),equalQR,greater_thanRS,less_thanSR}, p2[{q1(a),q1(b),q2(a),q2(b)}]={q1(a),q1(b),q2(a),q2(b),skip1,skip2,equal,q2i(a),q1i(a)}, p2[{q1(a),q2(a)}]={q1(a),q2(a),skip1,skip2,equal}, p2[{}]={equal}, p2[{q1(a),q1(b),q2(a)}]={q1(a),q1(b),q2(a),skip1,skip2,greater_than,q1i(a)}, p2[{q1(a)}]={q1(a),skip1,greater_than}, p2[{q1(a),q2(a),q2(b)}]={q1(a),q2(a),q2(b),skip1,skip2,less_than,q2i(b)}, p2[{q2(b)}]={q2(b),skip2,less_than})
(p1[{}]={q(a),q(b),r(a),r(b),s(a),equalQR,greater_thanRS,less_thanSR}, p2[{q1(a),q1(b),q2(a),q2(b)}]={q1(a),q1(b),q2(a),q2(b),skip1,skip2,equal,q2i(a),q1i(a)}, p2[{q1(a),q2(a)}]={q1(a),q2(a),skip1,skip2,equal}, p2[{}]={equal}, p2[{q1(a),q1(b),q2(a)}]={q1(a),q1(b),q2(a),skip1,skip2,greater_than,q1i(b)}, p2[{q1(b)}]={q1(b),skip1,greater_than}, p2[{q1(a),q2(a),q2(b)}]={q1(a),q2(a),q2(b),skip1,skip2,less_than,q2i(a)}, p2[{q2(a)}]={q2(a),skip2,less_than})
(p1[{}]={q(a),q(b),r(a),r(b),s(a),equalQR,greater_thanRS,less_thanSR}, p2[{q1(a),q1(b),q2(a),q2(b)}]={q1(a),q1(b),q2(a),q2(b),skip1,skip2,equal,q2i(a),q1i(a)}, p2[{q1(a),q2(a)}]={q1(a),q2(a),skip1,skip2,equal}, p2[{}]={equal}, p2[{q1(a),q1(b),q2(a)}]={q1(a),q1(b),q2(a),skip1,skip2,greater_than,q1i(b)}, p2[{q1(b)}]={q1(b),skip1,greater_than}, p2[{q1(a),q2(a),q2(b)}]={q1(a),q2(a),q2(b),skip1,skip2,less_than,q2i(b)}, p2[{q2(b)}]={q2(b),skip2,less_than})
(p1[{}]={q(a),q(b),r(a),r(b),s(a),equalQR,greater_thanRS,less_thanSR}, p2[{q1(a),q1(b),q2(a),q2(b)}]={q1(a),q1(b),q2(a),q2(b),skip1,skip2,equal,q2i(b),q1i(a)}, p2[{q1(a),q2(b)}]={q1(a),q2(b),skip1,skip2,equal}, p2[{}]={equal}, p2[{q1(a),q1(b),q2(a)}]={q1(a),q1(b),q2(a),skip1,skip2,greater_than,q1i(a)}, p2[{q1(a)}]={q1(a),skip1,greater_than}, p2[{q1(a),q2(a),q2(b)}]={q1(a),q2(a),q2(b),skip1,skip2,less_than,q2i(a)}, p2[{q2(a)}]={q2(a),skip2,less_than})
(p1[{}]={q(a),q(b),r(a),r(b),s(a),equalQR,greater_thanRS,less_thanSR}, p2[{q1(a),q1(b),q2(a),q2(b)}]={q1(a),q1(b),q2(a),q2(b),skip1,skip2,equal,q2i(b),q1i(a)}, p2[{q1(a),q2(b)}]={q1(a),q2(b),skip1,skip2,equal}, p2[{}]={equal}, p2[{q1(a),q1(b),q2(a)}]={q1(a),q1(b),q2(a),skip1,skip2,greater_than,q1i(a)}, p2[{q1(a)}]={q1(a),skip1,greater_than}, p2[{q1(a),q2(a),q2(b)}]={q1(a),q2(a),q2(b),skip1,skip2,less_than,q2i(b)}, p2[{q2(b)}]={q2(b),skip2,less_than})
(p1[{}]={q(a),q(b),r(a),r(b),s(a),equalQR,greater_thanRS,less_thanSR}, p2[{q1(a),q1(b),q2(a),q2(b)}]={q1(a),q1(b),q2(a),q2(b),skip1,skip2,equal,q2i(b),q1i(a)}, p2[{q1(a),q2(b)}]={q1(a),q2(b),skip1,skip2,equal}, p2[{}]={equal}, p2[{q1(a),q1(b),q2(a)}]={q1(a),q1(b),q2(a),skip1,skip2,greater_than,q1i(b)}, p2[{q1(b)}]={q1(b),skip1,greater_than}, p2[{q1(a),q2(a),q2(b)}]={q1(a),q2(a),q2(b),skip1,skip2,less_than,q2i(a)}, p2[{q2(a)}]={q2(a),skip2,less_than})
(p1[{}]={q(a),q(b),r(a),r(b),s(a),equalQR,greater_thanRS,less_thanSR}, p2[{q1(a),q1(b),q2(a),q2(b)}]={q1(a),q1(b),q2(a),q2(b),skip1,skip2,equal,q2i(b),q1i(a)}, p2[{q1(a),q2(b)}]={q1(a),q2(b),skip1,skip2,equal}, p2[{}]={equal}, p2[{q1(a),q1(b),q2(a)}]={q1(a),q1(b),q2(a),skip1,skip2,greater_than,q1i(b)}, p2[{q1(b)}]={q1(b),skip1,greater_than}, p2[{q1(a),q2(a),q2(b)}]={q1(a),q2(a),q2(b),skip1,skip2,less_than,q2i(b)}, p2[{q2(b)}]={q2(b),skip2,less_than})
(p1[{}]={q(a),q(b),r(a),r(b),s(a),equalQR,greater_thanRS,less_thanSR}, p2[{q1(a),q1(b),q2(a),q2(b)}]={q1(a),q1(b),q2(a),q2(b),skip1,skip2,equal,q1i(b),q2i(a)}, p2[{q1(b),q2(a)}]={q1(b),q2(a),skip1,skip2,equal}, p2[{}]={equal}, p2[{q1(a),q1(b),q2(a)}]={q1(a),q1(b),q2(a),skip1,skip2,greater_than,q1i(a)}, p2[{q1(a)}]={q1(a),skip1,greater_than}, p2[{q1(a),q2(a),q2(b)}]={q1(a),q2(a),q2(b),skip1,skip2,less_than,q2i(a)}, p2[{q2(a)}]={q2(a),skip2,less_than})
(p1[{}]={q(a),q(b),r(a),r(b),s(a),equalQR,greater_thanRS,less_thanSR}, p2[{q1(a),q1(b),q2(a),q2(b)}]={q1(a),q1(b),q2(a),q2(b),skip1,skip2,equal,q1i(b),q2i(a)}, p2[{q1(b),q2(a)}]={q1(b),q2(a),skip1,skip2,equal}, p2[{}]={equal}, p2[{q1(a),q1(b),q2(a)}]={q1(a),q1(b),q2(a),skip1,skip2,greater_than,q1i(a)}, p2[{q1(a)}]={q1(a),skip1,greater_than}, p2[{q1(a),q2(a),q2(b)}]={q1(a),q2(a),q2(b),skip1,skip2,less_than,q2i(b)}, p2[{q2(b)}]={q2(b),skip2,less_than})
(p1[{}]={q(a),q(b),r(a),r(b),s(a),equalQR,greater_thanRS,less_thanSR}, p2[{q1(a),q1(b),q2(a),q2(b)}]={q1(a),q1(b),q2(a),q2(b),skip1,skip2,equal,q1i(b),q2i(a)}, p2[{q1(b),q2(a)}]={q1(b),q2(a),skip1,skip2,equal}, p2[{}]={equal}, p2[{q1(a),q1(b),q2(a)}]={q1(a),q1(b),q2(a),skip1,skip2,greater_than,q1i(b)}, p2[{q1(b)}]={q1(b),skip1,greater_than}, p2[{q1(a),q2(a),q2(b)}]={q1(a),q2(a),q2(b),skip1,skip2,less_than,q2i(a)}, p2[{q2(a)}]={q2(a),skip2,less_than})
(p1[{}]={q(a),q(b),r(a),r(b),s(a),equalQR,greater_thanRS,less_thanSR}, p2[{q1(a),q1(b),q2(a),q2(b)}]={q1(a),q1(b),q2(a),q2(b),skip1,skip2,equal,q1i(b),q2i(a)}, p2[{q1(b),q2(a)}]={q1(b),q2(a),skip1,skip2,equal}, p2[{}]={equal}, p2[{q1(a),q1(b),q2(a)}]={q1(a),q1(b),q2(a),skip1,skip2,greater_than,q1i(b)}, p2[{q1(b)}]={q1(b),skip1,greater_than}, p2[{q1(a),q2(a),q2(b)}]={q1(a),q2(a),q2(b),skip1,skip2,less_than,q2i(b)}, p2[{q2(b)}]={q2(b),skip2,less_than})
(p1[{}]={q(a),q(b),r(a),r(b),s(a),equalQR,greater_thanRS,less_thanSR}, p2[{q1(a),q1(b),q2(a),q2(b)}]={q1(a),q1(b),q2(a),q2(b),skip1,skip2,equal,q2i(b),q1i(b)}, p2[{q1(b),q2(b)}]={q1(b),q2(b),skip1,skip2,equal}, p2[{}]={equal}, p2[{q1(a),q1(b),q2(a)}]={q1(a),q1(b),q2(a),skip1,skip2,greater_than,q1i(a)}, p2[{q1(a)}]={q1(a),skip1,greater_than}, p2[{q1(a),q2(a),q2(b)}]={q1(a),q2(a),q2(b),skip1,skip2,less_than,q2i(a)}, p2[{q2(a)}]={q2(a),skip2,less_than})
(p1[{}]={q(a),q(b),r(a),r(b),s(a),equalQR,greater_thanRS,less_thanSR}, p2[{q1(a),q1(b),q2(a),q2(b)}]={q1(a),q1(b),q2(a),q2(b),skip1,skip2,equal,q2i(b),q1i(b)}, p2[{q1(b),q2(b)}]={q1(b),q2(b),skip1,skip2,equal}, p2[{}]={equal}, p2[{q1(a),q1(b),q2(a)}]={q1(a),q1(b),q2(a),skip1,skip2,greater_than,q1i(a)}, p2[{q1(a)}]={q1(a),skip1,greater_than}, p2[{q1(a),q2(a),q2(b)}]={q1(a),q2(a),q2(b),skip1,skip2,less_than,q2i(b)}, p2[{q2(b)}]={q2(b),skip2,less_than})
(p1[{}]={q(a),q(b),r(a),r(b),s(a),equalQR,greater_thanRS,less_thanSR}, p2[{q1(a),q1(b),q2(a),q2(b)}]={q1(a),q1(b),q2(a),q2(b),skip1,skip2,equal,q2i(b),q1i(b)}, p2[{q1(b),q2(b)}]={q1(b),q2(b),skip1,skip2,equal}, p2[{}]={equal}, p2[{q1(a),q1(b),q2(a)}]={q1(a),q1(b),q2(a),skip1,skip2,greater_than,q1i(b)}, p2[{q1(b)}]={q1(b),skip1,greater_than}, p2[{q1(a),q2(a),q2(b)}]={q1(a),q2(a),q2(b),skip1,skip2,less_than,q2i(a)}, p2[{q2(a)}]={q2(a),skip2,less_than})
(p1[{}]={q(a),q(b),r(a),r(b),s(a),equalQR,greater_thanRS,less_thanSR}, p2[{q1(a),q1(b),q2(a),q2(b)}]={q1(a),q1(b),q2(a),q2(b),skip1,skip2,equal,q2i(b),q1i(b)}, p2[{q1(b),q2(b)}]={q1(b),q2(b),skip1,skip2,equal}, p2[{}]={equal}, p2[{q1(a),q1(b),q2(a)}]={q1(a),q1(b),q2(a),skip1,skip2,greater_than,q1i(b)}, p2[{q1(b)}]={q1(b),skip1,greater_than}, p2[{q1(a),q2(a),q2(b)}]={q1(a),q2(a),q2(b),skip1,skip2,less_than,q2i(b)}, p2[{q2(b)}]={q2(b),skip2,less_than})
