(mainProgram[{}]={succ(0,1),succ(1,2),succ(2,3),succ(3,4),succ(4,5),succ(5,6),succ(6,7),pathlength(7),ndisk(3),ok}, solveHanoi[{succ(0,1),succ(1,2),succ(2,3),succ(3,4),succ(4,5),succ(5,6),succ(6,7),pathlength(7),ndisk(3)}]={disk(1),peg(a),peg(b),peg(c),situation(0),transition(0),succ(0,1),succ(1,2),succ(2,3),succ(3,4),succ(4,5),succ(5,6),succ(6,7),pathlength(7),ndisk(3),ok,disk(2),disk(3),situation(1),situation(2),situation(3),situation(4),situation(5),situation(6),situation(7),transition(1),transition(2),transition(3),transition(4),transition(5),transition(6),location(a),location(b),location(c),location(1),location(2),location(3),on(1,2,0),on(2,3,0),on(3,a,0),otherloc(1,a,0),otherloc(1,b,0),otherloc(1,c,0),otherloc(1,1,0),otherloc(1,3,0),otherloc(2,a,0),otherloc(2,b,0),otherloc(2,c,0),otherloc(2,1,0),otherloc(2,2,0),otherloc(3,b,0),otherloc(3,c,0),otherloc(3,1,0),otherloc(3,2,0),otherloc(3,3,0),inpeg(a,a,0),inpeg(a,a,1),inpeg(a,a,2),inpeg(a,a,3),inpeg(a,a,4),inpeg(a,a,5),inpeg(a,a,6),inpeg(a,a,7),inpeg(b,b,0),inpeg(b,b,1),inpeg(b,b,2),inpeg(b,b,3),inpeg(b,b,4),inpeg(b,b,5),inpeg(b,b,6),inpeg(b,b,7),inpeg(c,c,0),inpeg(c,c,1),inpeg(c,c,2),inpeg(c,c,3),inpeg(c,c,4),inpeg(c,c,5),inpeg(c,c,6),inpeg(c,c,7),inpeg(1,a,0),inpeg(2,a,0),inpeg(3,a,0),covered(a,0),covered(2,0),covered(3,0),movement(a,b),movement(a,c),movement(b,a),movement(b,c),movement(c,a),movement(c,b),move(a,c,0),move(a,b,1),move(c,b,2),move(a,c,3),move(b,a,4),move(b,c,5),move(a,c,6),otherloc(1,2,1),on(2,3,1),on(3,a,1),covered(a,1),covered(a,2),covered(a,3),top(a,a,4),covered(a,5),covered(a,6),top(a,a,7),top(b,b,0),top(b,b,1),covered(b,2),covered(b,3),covered(b,4),covered(b,5),top(b,b,6),top(b,b,7),top(c,c,0),covered(c,1),covered(c,2),top(c,c,3),covered(c,4),covered(c,5),covered(c,6),covered(c,7),otherloc(1,2,2),otherloc(2,3,2),on(3,a,2),inpeg(3,a,1),on(1,2,3),otherloc(2,3,3),on(3,a,3),inpeg(3,a,2),inpeg(2,a,1),covered(3,1),on(1,2,4),otherloc(2,3,4),otherloc(3,a,4),otherloc(3,b,2),otherloc(3,c,2),inpeg(3,a,3),top(a,1,0),top(a,2,1),top(a,3,2),otherloc(1,2,5),on(2,b,2),otherloc(2,c,2),otherloc(2,3,5),otherloc(3,a,5),otherloc(3,b,3),otherloc(3,c,3),top(a,3,3),on(1,c,1),otherloc(1,b,2),on(1,c,2),otherloc(1,2,6),on(2,b,3),otherloc(2,c,3),on(2,3,6),otherloc(3,a,6),otherloc(3,b,4),on(3,c,4),inpeg(1,c,1),inpeg(2,b,2),covered(2,3),otherloc(1,b,3),otherloc(1,c,3),on(1,2,7),otherloc(1,3,3),on(2,b,4),otherloc(2,c,4),on(2,3,7),otherloc(3,a,7),otherloc(3,b,5),on(3,c,5),otherloc(3,1,3),otherloc(3,2,3),otherloc(3,3,3),inpeg(1,c,2),inpeg(2,b,3),inpeg(3,c,4),top(c,1,1),covered(2,4),top(b,2,2),otherloc(1,b,4),otherloc(1,c,4),otherloc(1,3,4),otherloc(2,a,3),on(2,b,5),otherloc(2,c,5),otherloc(2,1,3),otherloc(2,2,3),otherloc(3,b,6),on(3,c,6),otherloc(3,1,4),otherloc(3,2,4),otherloc(3,3,4),inpeg(1,b,3),inpeg(2,b,4),inpeg(3,c,5),inpeg(1,a,5),top(c,1,2),covered(3,6),top(c,3,4),otherloc(1,a,3),otherloc(1,b,5),otherloc(1,c,5),otherloc(1,1,3),otherloc(1,3,5),otherloc(2,a,4),otherloc(2,b,6),otherloc(2,c,6),otherloc(2,1,4),otherloc(2,2,4),otherloc(3,b,7),on(3,c,7),otherloc(3,1,5),otherloc(3,2,5),otherloc(3,3,5),inpeg(1,b,4),inpeg(2,b,5),inpeg(3,c,6),inpeg(1,a,6),top(a,1,5),top(b,1,3),covered(3,7),top(c,3,5),otherloc(1,a,4),otherloc(1,b,6),otherloc(1,c,6),otherloc(1,1,4),otherloc(1,3,6),otherloc(2,a,5),otherloc(2,b,7),otherloc(2,c,7),otherloc(2,1,5),otherloc(2,2,5),otherloc(3,1,6),otherloc(3,2,6),otherloc(3,3,6),inpeg(2,c,6),inpeg(3,c,7),top(a,1,6),top(b,1,4),covered(2,7),top(b,2,5),on(1,a,5),otherloc(1,b,7),otherloc(1,c,7),otherloc(1,1,5),otherloc(1,3,7),otherloc(2,a,6),otherloc(2,1,6),otherloc(2,2,6),otherloc(3,1,7),otherloc(3,2,7),otherloc(3,3,7),inpeg(2,c,7),top(c,2,6),on(1,a,6),otherloc(1,1,6),otherloc(2,a,7),otherloc(2,1,7),otherloc(2,2,7),inpeg(1,c,7),otherloc(1,a,7),otherloc(1,1,7),top(c,1,7),otherloc(1,1,2),otherloc(1,3,2),otherloc(1,a,2),otherloc(1,a,1),otherloc(1,b,1),otherloc(1,1,1),otherloc(1,3,1),otherloc(2,1,2),otherloc(2,2,2),otherloc(2,a,2),otherloc(2,a,1),otherloc(2,c,1),otherloc(2,1,1),otherloc(2,2,1),otherloc(2,b,1),otherloc(3,1,2),otherloc(3,2,2),otherloc(3,3,2),otherloc(3,c,1),otherloc(3,1,1),otherloc(3,2,1),otherloc(3,3,1),otherloc(3,b,1)})
