{nonworks, notworks, active, nonactive, notactive}
