{onlyInA(w), onlyInA(v), setb(u), seta(w), seta(v), seta(u)}
