{dom(x), dom(xx), dom(xxx), dom(xxxx), strings(xx), out(xxx), out(xx), strings(x), strings(xxxx)}
