0 grep -q "is cautiously false, evidenced by .*nuse(a)"
