0 grep -q "not baz(a) is bravely true, evidenced by .*c(b)"
