0 grep "is cautiously false, evidenced by" | wc -l | tr -d [:blank:] | grep -qx 2
