0 grep -q "is bravely true, evidenced by .*complete(prefixa)"
