0 grep -q "not baz(a) is cautiously false, evidenced by .*baz(a)"
