0 grep -q "c(a), not baz(b) is cautiously false, evidenced by .*c(b)"
