0 grep -q "c(a), not baz(b) is bravely true, evidenced by .*c(a)"
