{q, b, -d, -c}
{q, a, -d, -c}
{q, a, c, -b}
{q, a, -d, -b}
