{-in(a,d),-in(b,d)}
{in(a,d),-in(b,d)}
{-in(a,d),in(b,d)}
{in(a,d),in(b,d)}
