{plus2(0,6), plus2(1,5), plus2(2,4), plus2(3,3), plus2(4,2), plus2(5,1), plus2(6,0), plus1(0,6), plus1(1,5), plus1(2,4), plus1(3,3), plus1(4,2), plus1(5,1), plus1(6,0), mul2(1,6), mul2(2,3), mul2(3,2), mul2(6,1), mul1(1,6), mul1(2,3), mul1(3,2), mul1(6,1), minus1(6,4), minus1(5,3), minus1(4,2), minus1(3,1), minus1(2,0), minus2(6,4), minus2(5,3), minus2(4,2), minus2(3,1), minus2(2,0), div1(6,3), div1(4,2), div1(5,2), div1(2,1), div2(6,3), div2(4,2), div2(5,2), div2(2,1), mod1(5,3), mod1(6,4), mod1(2,3), mod1(2,4), mod1(2,5), mod1(2,6)}
