0 grep -c "^TestFinalCallback::operator()()$" |grep -q "^2$"
