1 grep -q "external atom input.*type 'predicate' must not be variable"
