{strings(xxx), out(xxx), strings(xxxx), out(xxxx)}
